// Jest Snapshot v1, https://goo.gl/fbAQLP

exports[`folio-runner .run should run playwright test as a spawn command 1`] = `
Array [
  "/fake/path/to/node",
  Array [
    "cli",
    "--param",
    "browserName=chromium",
    "--param",
    "headful=true",
    "--param",
    "slowMo=1000",
    "--param",
    "video=true",
    "--test-match",
    "**/*.spec.js",
    "--reporter",
    "junit,line",
    "--output",
    "__assets__",
  ],
  Object {
    "cwd": "runner",
    "env": Object {
      "FOLIO_JUNIT_OUTPUT_NAME": "junit.xml",
      "HELLO": "world",
      "SAUCE_TAGS": "tag-one,tag-two",
    },
    "stdio": "inherit",
  },
]
`;
