// Jest Snapshot v1, https://goo.gl/fbAQLP

exports[`playwright-runner .run should run playwright test as a spawn command 1`] = `
Array [
  "/fake/path/to/node",
  Array [
    "cli.js",
    "test",
    "--reporter",
    "junit,line",
    "--output",
    "/Users/felixpescarmona/Projects/sauce-playwright-runner/__assets__",
    "--config",
    "/Users/felixpescarmona/Projects/sauce-playwright-runner/playwright.config.js",
    "--browser",
    "chromium",
    "--headed",
  ],
  Object {
    "cwd": "runner",
    "env": Object {
      "HELLO": "world",
      "PLAYWRIGHT_JUNIT_OUTPUT_NAME": "junit.xml",
      "SAUCE_TAGS": "tag-one,tag-two",
    },
    "stdio": "inherit",
  },
]
`;
